{
  "message": "Failed to get armors: database error"
}