{
  "id": "0000000001",
  "name": "攻撃",
  "description": "攻撃力が上昇する",
  "level": [
    {
      "1": "攻撃力+3"
    },
    {
      "2": "攻撃力+6"
    }
  ]
}